
> vite-react-typescript-starter@0.0.0 build
> vite build

vite v7.2.4 building client environment for production...
[baseline-browser-mapping] The data in this module is over two months old.  To ensure accurate Baseline data, please update: `npm i baseline-browser-mapping@latest -D`
transforming...
✓ 1684 modules transformed.
rendering chunks...
computing gzip size...
dist/index.html                        1.50 kB │ gzip:   0.67 kB
dist/assets/index-CO_Y74q9.css        64.33 kB │ gzip:  10.48 kB
dist/assets/Submissions-DEA4s9BD.js    7.85 kB │ gzip:   2.49 kB
dist/assets/index-B_Vt4Rg6.js        821.57 kB │ gzip: 221.57 kB

(!) Some chunks are larger than 500 kB after minification. Consider:
- Using dynamic import() to code-split the application
- Use build.rollupOptions.output.manualChunks to improve chunking: https://rollupjs.org/configuration-options/#output-manualchunks
- Adjust chunk size limit for this warning via build.chunkSizeWarningLimit.
✓ built in 7.04s
